// Jest Snapshot v1, https://goo.gl/fbAQLP

exports[`Pruebas en <GifGridItem /> Debe de mostrar el texto correctamente 1`] = `
<div
  className="card animate__animated animate__bounce"
>
  <img
    alt="un titulo"
    src="https://localhost/algo.jpg"
  />
  <p>
    un titulo
  </p>
</div>
`;
